Archive member included to satisfy reference by file (symbol)

/opt/riscv/lib/gcc/riscv32-unknown-elf/12.1.0/libgcc.a(muldi3.o)
                              all.elf-all.o (__mulsi3)

Memory Configuration

Name             Origin             Length             Attributes
vexriscv_debug   0x00000000f00f0000 0x0000000000000100
dff              0x0000000000000000 0x0000000000000400
dff2             0x0000000000000400 0x0000000000000200
flash            0x0000000010000000 0x0000000001000000
mprj             0x0000000030000000 0x0000000000100000
mprjram          0x0000000038000000 0x0000000000400000
hk               0x0000000026000000 0x0000000000100000
csr              0x00000000f0000000 0x0000000000010000
*default*        0x0000000000000000 0xffffffffffffffff

Linker script and memory map

                0x0000000000000000                __DYNAMIC = 0x0

.text           0x0000000010000000      0xb84
                0x0000000010000000                _ftext = .
 *crt0*(.text)
 .text          0x0000000010000000      0x148 all.elf-crt0_vex.o
                0x0000000010000000                _start
                0x0000000010000020                trap_entry
 *crt0*(.text)
 *(.text.isr)
                0x0000000010000148                _etext = .
 .text          0x0000000010000148      0x15c all.elf-isr.o
                0x0000000010000238                isr
 .text          0x00000000100002a4       0x38 all.elf-all.o
 .text          0x00000000100002dc      0x8a8 all.elf-counter_la_all.o
                0x000000001000037c                putchar
                0x00000000100003e4                print
                0x0000000010000488                main

.mprj           0x0000000010000b84      0x1ec
 .mprj          0x0000000010000b84      0x1ec all.elf-all.o
                0x0000000010000b84                uart_write
                0x0000000010000bcc                uart_write_char
                0x0000000010000c34                uart_write_string
                0x0000000010000c88                uart_read_char
                0x0000000010000cfc                uart_read

.rodata         0x0000000010000d70        0x0
                0x0000000010000d70                . = ALIGN (0x8)
 *fill*         0x0000000010000d70        0x0 
                0x0000000010000d70                _frodata = .
 *(.rodata .rodata.* .gnu.linkonce.r.*)
 *(.rodata1)
                0x0000000010000d70                . = ALIGN (0x8)
                0x0000000010000d70                _erodata = .

.data           0x0000000000000000      0x108 load address 0x0000000010000d70
                0x0000000000000000                . = ALIGN (0x8)
                0x0000000000000000                _fdata = .
 *(.data .data.* .gnu.linkonce.d.*)
 .data          0x0000000000000000        0x0 all.elf-crt0_vex.o
 .data          0x0000000000000000        0x0 all.elf-isr.o
 .data          0x0000000000000000      0x100 all.elf-all.o
                0x0000000000000000                A1
                0x0000000000000028                A
                0x0000000000000068                B
                0x00000000000000a8                taps
                0x00000000000000d4                inputsignal
 .data          0x0000000000000100        0x0 all.elf-counter_la_all.o
 .data          0x0000000000000100        0x0 /opt/riscv/lib/gcc/riscv32-unknown-elf/12.1.0/libgcc.a(muldi3.o)
 *(.data1)
                0x0000000000000100                _gp = ALIGN (0x10)
 *(.sdata .sdata.* .gnu.linkonce.s.*)
 .sdata         0x0000000000000100        0x4 all.elf-isr.o
                0x0000000000000100                counter
                0x0000000000000108                . = ALIGN (0x8)
 *fill*         0x0000000000000104        0x4 
                0x0000000000000108                _edata = .

.bss            0x0000000000000108       0x98 load address 0x0000000010000e78
                0x0000000000000108                . = ALIGN (0x8)
                0x0000000000000108                _fbss = .
 *(.dynsbss)
 *(.sbss .sbss.* .gnu.linkonce.sb.*)
 *(.scommon)
 *(.dynbss)
 *(.bss .bss.* .gnu.linkonce.b.*)
 .bss           0x0000000000000108        0x0 all.elf-crt0_vex.o
 .bss           0x0000000000000108        0x0 all.elf-isr.o
 .bss           0x0000000000000108       0x98 all.elf-all.o
                0x0000000000000108                result
                0x0000000000000148                inputbuffer
                0x0000000000000174                outputsignal
 .bss           0x00000000000001a0        0x0 all.elf-counter_la_all.o
 .bss           0x00000000000001a0        0x0 /opt/riscv/lib/gcc/riscv32-unknown-elf/12.1.0/libgcc.a(muldi3.o)
 *(COMMON)
                0x00000000000001a0                . = ALIGN (0x8)
                0x00000000000001a0                _ebss = .
                0x00000000000001a0                _end = .

.mprjram        0x0000000038000000      0x53c load address 0x0000000010000e78
                0x0000000038000000                . = ALIGN (0x8)
                0x0000000038000000                _fsram = .
 *libgcc.a:*(.text .text.*)
 .text          0x0000000038000000       0x24 /opt/riscv/lib/gcc/riscv32-unknown-elf/12.1.0/libgcc.a(muldi3.o)
                0x0000000038000000                __mulsi3
 .mprjram       0x0000000038000024      0x518 all.elf-all.o
                0x0000000038000024                partition
                0x00000000380001a8                sort
                0x0000000038000218                qsort
                0x000000003800024c                matmul
                0x0000000038000364                initfir
                0x00000000380003cc                firfilter
                0x00000000380004bc                fir
                0x0000000000000600                PROVIDE (_fstack = (ORIGIN (dff2) + LENGTH (dff2)))
                0x0000000010000d70                PROVIDE (_fdata_rom = LOADADDR (.data))
                [!provide]                        PROVIDE (_edata_rom = (LOADADDR (.data) + SIZEOF (.data)))
                0x000000003800053c                PROVIDE (_esram = (ORIGIN (mprjram) + SIZEOF (.mprjram)))
                0x0000000010000e78                PROVIDE (_esram_rom = LOADADDR (.mprjram))
LOAD all.elf-crt0_vex.o
LOAD all.elf-isr.o
LOAD all.elf-all.o
LOAD all.elf-counter_la_all.o
LOAD /opt/riscv/lib/gcc/riscv32-unknown-elf/12.1.0/libgcc.a
START GROUP
LOAD /opt/riscv/lib/gcc/riscv32-unknown-elf/12.1.0/../../../../riscv32-unknown-elf/lib/libc.a
LOAD /opt/riscv/lib/gcc/riscv32-unknown-elf/12.1.0/../../../../riscv32-unknown-elf/lib/libgloss.a
END GROUP
LOAD /opt/riscv/lib/gcc/riscv32-unknown-elf/12.1.0/libgcc.a
OUTPUT(all.elf elf32-littleriscv)

.rela.dyn       0x000000003800053c        0x0 load address 0x00000000100013b4
 .rela.text     0x000000003800053c        0x0 all.elf-crt0_vex.o

.riscv.attributes
                0x0000000000000000       0x20
 .riscv.attributes
                0x0000000000000000       0x1e all.elf-crt0_vex.o
 .riscv.attributes
                0x000000000000001e       0x20 all.elf-isr.o
 .riscv.attributes
                0x000000000000003e       0x1c all.elf-all.o
 .riscv.attributes
                0x000000000000005a       0x20 all.elf-counter_la_all.o
 .riscv.attributes
                0x000000000000007a       0x1a /opt/riscv/lib/gcc/riscv32-unknown-elf/12.1.0/libgcc.a(muldi3.o)

.comment        0x0000000000000000       0x1b
 .comment       0x0000000000000000       0x1b all.elf-isr.o
                                         0x1c (size before relaxing)
 .comment       0x000000000000001b       0x1c all.elf-all.o
 .comment       0x000000000000001b       0x1c all.elf-counter_la_all.o

.debug_line     0x0000000000000000     0x1343
 .debug_line    0x0000000000000000      0x20a all.elf-crt0_vex.o
 .debug_line    0x000000000000020a      0x151 all.elf-isr.o
 .debug_line    0x000000000000035b      0x636 all.elf-all.o
 .debug_line    0x0000000000000991      0x938 all.elf-counter_la_all.o
 .debug_line    0x00000000000012c9       0x7a /opt/riscv/lib/gcc/riscv32-unknown-elf/12.1.0/libgcc.a(muldi3.o)

.debug_line_str
                0x0000000000000000      0x18d
 .debug_line_str
                0x0000000000000000       0x4f all.elf-crt0_vex.o
 .debug_line_str
                0x000000000000004f       0x8c all.elf-isr.o
                                        0x111 (size before relaxing)
 .debug_line_str
                0x00000000000000db        0x6 all.elf-all.o
                                         0xdd (size before relaxing)
 .debug_line_str
                0x00000000000000e1       0x18 all.elf-counter_la_all.o
                                        0x12a (size before relaxing)
 .debug_line_str
                0x00000000000000f9       0x94 /opt/riscv/lib/gcc/riscv32-unknown-elf/12.1.0/libgcc.a(muldi3.o)

.debug_info     0x0000000000000000      0x856
 .debug_info    0x0000000000000000       0x25 all.elf-crt0_vex.o
 .debug_info    0x0000000000000025      0x1a3 all.elf-isr.o
 .debug_info    0x00000000000001c8      0x438 all.elf-all.o
 .debug_info    0x0000000000000600      0x227 all.elf-counter_la_all.o
 .debug_info    0x0000000000000827       0x2f /opt/riscv/lib/gcc/riscv32-unknown-elf/12.1.0/libgcc.a(muldi3.o)

.debug_abbrev   0x0000000000000000      0x4cd
 .debug_abbrev  0x0000000000000000       0x14 all.elf-crt0_vex.o
 .debug_abbrev  0x0000000000000014      0x131 all.elf-isr.o
 .debug_abbrev  0x0000000000000145      0x1fc all.elf-all.o
 .debug_abbrev  0x0000000000000341      0x16b all.elf-counter_la_all.o
 .debug_abbrev  0x00000000000004ac       0x21 /opt/riscv/lib/gcc/riscv32-unknown-elf/12.1.0/libgcc.a(muldi3.o)

.debug_aranges  0x0000000000000000      0x100
 .debug_aranges
                0x0000000000000000       0x20 all.elf-crt0_vex.o
 .debug_aranges
                0x0000000000000020       0x20 all.elf-isr.o
 .debug_aranges
                0x0000000000000040       0x80 all.elf-all.o
 .debug_aranges
                0x00000000000000c0       0x20 all.elf-counter_la_all.o
 .debug_aranges
                0x00000000000000e0       0x20 /opt/riscv/lib/gcc/riscv32-unknown-elf/12.1.0/libgcc.a(muldi3.o)

.debug_str      0x0000000000000000      0x32f
 .debug_str     0x0000000000000000       0x5b all.elf-crt0_vex.o
 .debug_str     0x000000000000005b      0x139 all.elf-isr.o
                                        0x17a (size before relaxing)
 .debug_str     0x0000000000000194       0xb5 all.elf-all.o
                                        0x1da (size before relaxing)
 .debug_str     0x0000000000000249       0x49 all.elf-counter_la_all.o
                                        0x183 (size before relaxing)
 .debug_str     0x0000000000000292       0x9d /opt/riscv/lib/gcc/riscv32-unknown-elf/12.1.0/libgcc.a(muldi3.o)
                                         0xa9 (size before relaxing)

.debug_frame    0x0000000000000000      0x4a0
 .debug_frame   0x0000000000000000      0x118 all.elf-isr.o
 .debug_frame   0x0000000000000118      0x224 all.elf-all.o
 .debug_frame   0x000000000000033c      0x164 all.elf-counter_la_all.o

.debug_rnglists
                0x0000000000000000       0x82
 .debug_rnglists
                0x0000000000000000       0x82 all.elf-all.o
